// Jest Snapshot v1, https://goo.gl/fbAQLP

exports[`Prueba del componente <AddCategory /> Debe de mostrar un formulario con una caja de texto 1`] = `
<form
  onSubmit={[Function]}
>
  <input
    onChange={[Function]}
    type="text"
    value=""
  />
</form>
`;
